// Jest Snapshot v1, https://goo.gl/fbAQLP

exports[`correctly renders Success component 1`] = `ShallowWrapper {}`;
