// Jest Snapshot v1, https://goo.gl/fbAQLP

exports[`Correctly renders PersonalDetails component 1`] = `ShallowWrapper {}`;
