// Jest Snapshot v1, https://goo.gl/fbAQLP

exports[`Confirm Component props passed in should render without errors 1`] = `1`;
